[2026-07-26 21:51:23] PHP Error [2]: require_once(../../config.php): Failed to open stream: No such file or directory in /volume1/web/feuerloescher-software/api/config/database.php:3
[2026-07-26 21:51:23] Unhandled Exception: Failed opening required '../../config.php' (include_path='.:/usr/share/pear') in /volume1/web/feuerloescher-software/api/config/database.php:3
[2026-07-26 21:51:43] PHP Error [2]: require_once(../../config.php): Failed to open stream: No such file or directory in /volume1/web/feuerloescher-software/api/config/database.php:3
[2026-07-26 21:51:43] Unhandled Exception: Failed opening required '../../config.php' (include_path='.:/usr/share/pear') in /volume1/web/feuerloescher-software/api/config/database.php:3
[2026-07-26 21:51:43] PHP Error [2]: require_once(../../config.php): Failed to open stream: No such file or directory in /volume1/web/feuerloescher-software/api/config/database.php:3
[2026-07-26 21:51:43] Unhandled Exception: Failed opening required '../../config.php' (include_path='.:/usr/share/pear') in /volume1/web/feuerloescher-software/api/config/database.php:3
[2026-07-26 21:51:44] PHP Error [2]: require_once(../../config.php): Failed to open stream: No such file or directory in /volume1/web/feuerloescher-software/api/config/database.php:3
[2026-07-26 21:51:44] Unhandled Exception: Failed opening required '../../config.php' (include_path='.:/usr/share/pear') in /volume1/web/feuerloescher-software/api/config/database.php:3
[2026-07-26 21:51:44] PHP Error [2]: require_once(../../config.php): Failed to open stream: No such file or directory in /volume1/web/feuerloescher-software/api/config/database.php:3
[2026-07-26 21:51:44] Unhandled Exception: Failed opening required '../../config.php' (include_path='.:/usr/share/pear') in /volume1/web/feuerloescher-software/api/config/database.php:3
[2026-07-26 21:51:44] PHP Error [2]: require_once(../../config.php): Failed to open stream: No such file or directory in /volume1/web/feuerloescher-software/api/config/database.php:3
[2026-07-26 21:51:44] Unhandled Exception: Failed opening required '../../config.php' (include_path='.:/usr/share/pear') in /volume1/web/feuerloescher-software/api/config/database.php:3
[2026-07-26 21:52:00] PHP Error [2]: require_once(/volume1/web/feuerloescher-software/api/config../../config.php): Failed to open stream: No such file or directory in /volume1/web/feuerloescher-software/api/config/database.php:3
[2026-07-26 21:52:00] Unhandled Exception: Failed opening required '/volume1/web/feuerloescher-software/api/config../../config.php' (include_path='.:/usr/share/pear') in /volume1/web/feuerloescher-software/api/config/database.php:3
[2026-07-26 21:52:00] PHP Error [2]: require_once(/volume1/web/feuerloescher-software/api/config../../config.php): Failed to open stream: No such file or directory in /volume1/web/feuerloescher-software/api/config/database.php:3
[2026-07-26 21:52:00] Unhandled Exception: Failed opening required '/volume1/web/feuerloescher-software/api/config../../config.php' (include_path='.:/usr/share/pear') in /volume1/web/feuerloescher-software/api/config/database.php:3
[2026-07-26 21:52:01] PHP Error [2]: require_once(/volume1/web/feuerloescher-software/api/config../../config.php): Failed to open stream: No such file or directory in /volume1/web/feuerloescher-software/api/config/database.php:3
[2026-07-26 21:52:01] Unhandled Exception: Failed opening required '/volume1/web/feuerloescher-software/api/config../../config.php' (include_path='.:/usr/share/pear') in /volume1/web/feuerloescher-software/api/config/database.php:3
[2026-07-26 21:52:01] PHP Error [2]: require_once(/volume1/web/feuerloescher-software/api/config../../config.php): Failed to open stream: No such file or directory in /volume1/web/feuerloescher-software/api/config/database.php:3
[2026-07-26 21:52:01] Unhandled Exception: Failed opening required '/volume1/web/feuerloescher-software/api/config../../config.php' (include_path='.:/usr/share/pear') in /volume1/web/feuerloescher-software/api/config/database.php:3
[2026-07-26 21:52:01] PHP Error [2]: require_once(/volume1/web/feuerloescher-software/api/config../../config.php): Failed to open stream: No such file or directory in /volume1/web/feuerloescher-software/api/config/database.php:3
[2026-07-26 21:52:01] Unhandled Exception: Failed opening required '/volume1/web/feuerloescher-software/api/config../../config.php' (include_path='.:/usr/share/pear') in /volume1/web/feuerloescher-software/api/config/database.php:3
[2026-07-26 21:52:01] PHP Error [2]: require_once(/volume1/web/feuerloescher-software/api/config../../config.php): Failed to open stream: No such file or directory in /volume1/web/feuerloescher-software/api/config/database.php:3
[2026-07-26 21:52:01] Unhandled Exception: Failed opening required '/volume1/web/feuerloescher-software/api/config../../config.php' (include_path='.:/usr/share/pear') in /volume1/web/feuerloescher-software/api/config/database.php:3
[2026-07-26 21:52:10] PHP Error [2]: require_once(/volume1/web/feuerloescher-software/api/config../../config.php): Failed to open stream: No such file or directory in /volume1/web/feuerloescher-software/api/config/database.php:3
[2026-07-26 21:52:10] Unhandled Exception: Failed opening required '/volume1/web/feuerloescher-software/api/config../../config.php' (include_path='.:/usr/share/pear') in /volume1/web/feuerloescher-software/api/config/database.php:3
[2026-07-26 21:52:10] PHP Error [2]: require_once(/volume1/web/feuerloescher-software/api/config../../config.php): Failed to open stream: No such file or directory in /volume1/web/feuerloescher-software/api/config/database.php:3
[2026-07-26 21:52:10] Unhandled Exception: Failed opening required '/volume1/web/feuerloescher-software/api/config../../config.php' (include_path='.:/usr/share/pear') in /volume1/web/feuerloescher-software/api/config/database.php:3
[2026-07-26 21:52:10] PHP Error [2]: require_once(/volume1/web/feuerloescher-software/api/config../../config.php): Failed to open stream: No such file or directory in /volume1/web/feuerloescher-software/api/config/database.php:3
[2026-07-26 21:52:10] Unhandled Exception: Failed opening required '/volume1/web/feuerloescher-software/api/config../../config.php' (include_path='.:/usr/share/pear') in /volume1/web/feuerloescher-software/api/config/database.php:3
[2026-07-26 21:52:11] PHP Error [2]: require_once(/volume1/web/feuerloescher-software/api/config../../config.php): Failed to open stream: No such file or directory in /volume1/web/feuerloescher-software/api/config/database.php:3
[2026-07-26 21:52:11] Unhandled Exception: Failed opening required '/volume1/web/feuerloescher-software/api/config../../config.php' (include_path='.:/usr/share/pear') in /volume1/web/feuerloescher-software/api/config/database.php:3
[2026-07-26 21:53:05] PHP Error [2]: require_once(/volume1/web/feuerloescher-software/api/config../../config.php): Failed to open stream: No such file or directory in /volume1/web/feuerloescher-software/api/config/database.php:3
[2026-07-26 21:53:05] Unhandled Exception: Failed opening required '/volume1/web/feuerloescher-software/api/config../../config.php' (include_path='.:/usr/share/pear') in /volume1/web/feuerloescher-software/api/config/database.php:3
[2026-07-26 21:53:36] PHP Error [2]: require_once(/volume1/web/feuerloescher-software/api/config../../config.php): Failed to open stream: No such file or directory in /volume1/web/feuerloescher-software/api/config/database.php:3
[2026-07-26 21:53:36] Unhandled Exception: Failed opening required '/volume1/web/feuerloescher-software/api/config../../config.php' (include_path='.:/usr/share/pear') in /volume1/web/feuerloescher-software/api/config/database.php:3
[2026-07-26 21:53:43] PHP Error [2]: require_once(/volume1/web/feuerloescher-software/api/config../../config.php): Failed to open stream: No such file or directory in /volume1/web/feuerloescher-software/api/config/database.php:3
[2026-07-26 21:53:43] Unhandled Exception: Failed opening required '/volume1/web/feuerloescher-software/api/config../../config.php' (include_path='.:/usr/share/pear') in /volume1/web/feuerloescher-software/api/config/database.php:3
[2026-07-26 21:53:44] PHP Error [2]: require_once(/volume1/web/feuerloescher-software/api/config../../config.php): Failed to open stream: No such file or directory in /volume1/web/feuerloescher-software/api/config/database.php:3
[2026-07-26 21:53:44] Unhandled Exception: Failed opening required '/volume1/web/feuerloescher-software/api/config../../config.php' (include_path='.:/usr/share/pear') in /volume1/web/feuerloescher-software/api/config/database.php:3
[2026-07-26 21:53:44] PHP Error [2]: require_once(/volume1/web/feuerloescher-software/api/config../../config.php): Failed to open stream: No such file or directory in /volume1/web/feuerloescher-software/api/config/database.php:3
[2026-07-26 21:53:44] Unhandled Exception: Failed opening required '/volume1/web/feuerloescher-software/api/config../../config.php' (include_path='.:/usr/share/pear') in /volume1/web/feuerloescher-software/api/config/database.php:3
[2026-07-26 21:53:44] PHP Error [2]: require_once(/volume1/web/feuerloescher-software/api/config../../config.php): Failed to open stream: No such file or directory in /volume1/web/feuerloescher-software/api/config/database.php:3
[2026-07-26 21:53:44] Unhandled Exception: Failed opening required '/volume1/web/feuerloescher-software/api/config../../config.php' (include_path='.:/usr/share/pear') in /volume1/web/feuerloescher-software/api/config/database.php:3
[2026-07-26 21:54:04] PHP Error [2]: require_once(/volume1/web/feuerloescher-software/api/config../../config.php): Failed to open stream: No such file or directory in /volume1/web/feuerloescher-software/api/config/database.php:3
[2026-07-26 21:54:04] Unhandled Exception: Failed opening required '/volume1/web/feuerloescher-software/api/config../../config.php' (include_path='.:/usr/share/pear') in /volume1/web/feuerloescher-software/api/config/database.php:3
[2026-07-26 21:54:18] PHP Error [2]: require_once(/volume1/web/feuerloescher-software/api/config../../config.php): Failed to open stream: No such file or directory in /volume1/web/feuerloescher-software/api/config/database.php:3
[2026-07-26 21:54:18] Unhandled Exception: Failed opening required '/volume1/web/feuerloescher-software/api/config../../config.php' (include_path='.:/usr/share/pear') in /volume1/web/feuerloescher-software/api/config/database.php:3
[2026-07-26 21:57:52] PHP Error [2]: SQLite3::prepare(): Unable to prepare statement: database is locked in /volume1/web/feuerloescher-software/api/models/Loescher.php:26
[2026-07-26 21:57:52] Unhandled Exception: Call to a member function bindValue() on false in /volume1/web/feuerloescher-software/api/models/Loescher.php:27
