[2026-04-03 23:08:11] PHP Error [8192]: SQLite3::__construct(): Passing null to parameter #1 ($filename) of type string is deprecated in /volume1/web/feuerloescher-software/api/config/database.php:16
[2026-04-03 23:08:11] PHP Error [2]: SQLite3::querySingle(): Unable to prepare statement: no such table: loescher in /volume1/web/feuerloescher-software/api/controllers/HealthController.php:43
[2026-04-03 23:08:11] PHP Error [2]: SQLite3::querySingle(): Unable to prepare statement: no such table: rechnungen in /volume1/web/feuerloescher-software/api/controllers/HealthController.php:44
[2026-04-03 23:09:47] PHP Error [8192]: SQLite3::__construct(): Passing null to parameter #1 ($filename) of type string is deprecated in /volume1/web/feuerloescher-software/api/config/database.php:16
[2026-04-03 23:10:36] PHP Error [8192]: SQLite3::__construct(): Passing null to parameter #1 ($filename) of type string is deprecated in /volume1/web/feuerloescher-software/api/config/database.php:16
[2026-04-03 23:15:41] PHP Error [2]: require_once(/volume1/web/feuerloescher-software/api/controllers/../../config/database.php): Failed to open stream: No such file or directory in /volume1/web/feuerloescher-software/api/controllers/HealthController.php:3
[2026-04-03 23:15:41] Unhandled Exception: Failed opening required '/volume1/web/feuerloescher-software/api/controllers/../../config/database.php' (include_path='.:/usr/share/pear') in /volume1/web/feuerloescher-software/api/controllers/HealthController.php:3
[2026-04-03 23:15:43] PHP Error [2]: require_once(/volume1/web/feuerloescher-software/api/controllers/../../config/database.php): Failed to open stream: No such file or directory in /volume1/web/feuerloescher-software/api/controllers/HealthController.php:3
[2026-04-03 23:15:43] Unhandled Exception: Failed opening required '/volume1/web/feuerloescher-software/api/controllers/../../config/database.php' (include_path='.:/usr/share/pear') in /volume1/web/feuerloescher-software/api/controllers/HealthController.php:3
[2026-04-03 23:16:34] PHP Error [8192]: SQLite3::__construct(): Passing null to parameter #1 ($filename) of type string is deprecated in /volume1/web/feuerloescher-software/api/config/database.php:16
[2026-04-03 23:17:35] PHP Error [8192]: SQLite3::__construct(): Passing null to parameter #1 ($filename) of type string is deprecated in /volume1/web/feuerloescher-software/api/config/database.php:16
[2026-04-03 23:20:00] PHP Error [8192]: SQLite3::__construct(): Passing null to parameter #1 ($filename) of type string is deprecated in /volume1/web/feuerloescher-software/api/config/database.php:16
[2026-04-03 23:24:59] PHP Error [8192]: SQLite3::__construct(): Passing null to parameter #1 ($filename) of type string is deprecated in /volume1/web/feuerloescher-software/api/config/database.php:16
[2026-04-03 23:25:00] PHP Error [8192]: SQLite3::__construct(): Passing null to parameter #1 ($filename) of type string is deprecated in /volume1/web/feuerloescher-software/api/config/database.php:16
[2026-04-03 23:25:01] PHP Error [8192]: SQLite3::__construct(): Passing null to parameter #1 ($filename) of type string is deprecated in /volume1/web/feuerloescher-software/api/config/database.php:16
[2026-04-03 23:25:01] PHP Error [8192]: SQLite3::__construct(): Passing null to parameter #1 ($filename) of type string is deprecated in /volume1/web/feuerloescher-software/api/config/database.php:16
[2026-04-03 23:26:10] PHP Error [8192]: SQLite3::__construct(): Passing null to parameter #1 ($filename) of type string is deprecated in /volume1/web/feuerloescher-software/api/config/database.php:19
[2026-04-03 23:26:10] PHP Error [8192]: SQLite3::__construct(): Passing null to parameter #1 ($filename) of type string is deprecated in /volume1/web/feuerloescher-software/api/config/database.php:19
[2026-04-03 23:26:11] PHP Error [8192]: SQLite3::__construct(): Passing null to parameter #1 ($filename) of type string is deprecated in /volume1/web/feuerloescher-software/api/config/database.php:19
[2026-04-03 23:26:11] PHP Error [8192]: SQLite3::__construct(): Passing null to parameter #1 ($filename) of type string is deprecated in /volume1/web/feuerloescher-software/api/config/database.php:19
[2026-04-03 23:26:11] PHP Error [8192]: SQLite3::__construct(): Passing null to parameter #1 ($filename) of type string is deprecated in /volume1/web/feuerloescher-software/api/config/database.php:19
[2026-04-03 23:26:14] PHP Error [8192]: SQLite3::__construct(): Passing null to parameter #1 ($filename) of type string is deprecated in /volume1/web/feuerloescher-software/api/config/database.php:19
[2026-04-03 23:27:00] PHP Error [2]: require_once(/volume1/web/feuerloescher-software/api/config/config.php): Failed to open stream: No such file or directory in /volume1/web/feuerloescher-software/api/index.php:21
[2026-04-03 23:27:00] Unhandled Exception: Failed opening required '/volume1/web/feuerloescher-software/api/config/config.php' (include_path='.:/usr/share/pear') in /volume1/web/feuerloescher-software/api/index.php:21
[2026-04-03 23:27:03] PHP Error [2]: require_once(/volume1/web/feuerloescher-software/api/config/config.php): Failed to open stream: No such file or directory in /volume1/web/feuerloescher-software/api/index.php:21
[2026-04-03 23:27:03] Unhandled Exception: Failed opening required '/volume1/web/feuerloescher-software/api/config/config.php' (include_path='.:/usr/share/pear') in /volume1/web/feuerloescher-software/api/index.php:21
[2026-04-03 23:27:04] PHP Error [2]: require_once(/volume1/web/feuerloescher-software/api/config/config.php): Failed to open stream: No such file or directory in /volume1/web/feuerloescher-software/api/index.php:21
[2026-04-03 23:27:04] Unhandled Exception: Failed opening required '/volume1/web/feuerloescher-software/api/config/config.php' (include_path='.:/usr/share/pear') in /volume1/web/feuerloescher-software/api/index.php:21
[2026-04-03 23:27:47] PHP Error [2]: require_once(/volume1/web/feuerloescher-software/api/config/config.php): Failed to open stream: No such file or directory in /volume1/web/feuerloescher-software/api/index.php:25
[2026-04-03 23:27:47] Unhandled Exception: Failed opening required '/volume1/web/feuerloescher-software/api/config/config.php' (include_path='.:/usr/share/pear') in /volume1/web/feuerloescher-software/api/index.php:25
[2026-04-03 23:27:48] PHP Error [2]: require_once(/volume1/web/feuerloescher-software/api/config/config.php): Failed to open stream: No such file or directory in /volume1/web/feuerloescher-software/api/index.php:25
[2026-04-03 23:27:48] Unhandled Exception: Failed opening required '/volume1/web/feuerloescher-software/api/config/config.php' (include_path='.:/usr/share/pear') in /volume1/web/feuerloescher-software/api/index.php:25
